#-----------------------------------------------------------
# Vivado v2020.2 (64-bit)
# SW Build 3064766 on Wed Nov 18 09:12:45 MST 2020
# IP Build 3064653 on Wed Nov 18 14:17:31 MST 2020
# Start of session at: Sat Jan  8 15:53:36 2022
# Process ID: 16212
# Current directory: C:/Users/Vincenzo Pascarella/Desktop/Universit/Magistrale/Architettura_S_D/Vivado/scritti_da_me/esercizio_3_board/esercizio_3.runs/impl_1
# Command line: vivado.exe -log riconoscitore_seq_button.vdi -applog -product Vivado -messageDb vivado.pb -mode batch -source riconoscitore_seq_button.tcl -notrace
# Log file: C:/Users/Vincenzo Pascarella/Desktop/Universit/Magistrale/Architettura_S_D/Vivado/scritti_da_me/esercizio_3_board/esercizio_3.runs/impl_1/riconoscitore_seq_button.vdi
# Journal file: C:/Users/Vincenzo Pascarella/Desktop/Universit/Magistrale/Architettura_S_D/Vivado/scritti_da_me/esercizio_3_board/esercizio_3.runs/impl_1\vivado.jou
#-----------------------------------------------------------
source riconoscitore_seq_button.tcl -notrace
