#-----------------------------------------------------------
# Vivado v2020.2 (64-bit)
# SW Build 3064766 on Wed Nov 18 09:12:45 MST 2020
# IP Build 3064653 on Wed Nov 18 14:17:31 MST 2020
# Start of session at: Sat Jan  8 11:54:47 2022
# Process ID: 26984
# Current directory: C:/Users/Vincenzo Pascarella/Desktop/Universit/Magistrale/Architettura_S_D/Vivado/scritti_da_me/moltiplicatore_11
# Command line: vivado.exe -gui_launcher_event rodinguilauncherevent11524 C:\Users\Vincenzo Pascarella\Desktop\Universit\Magistrale\Architettura_S_D\Vivado\scritti_da_me\moltiplicatore_11\moltiplicatore_11.xpr
# Log file: C:/Users/Vincenzo Pascarella/Desktop/Universit/Magistrale/Architettura_S_D/Vivado/scritti_da_me/moltiplicatore_11/vivado.log
# Journal file: C:/Users/Vincenzo Pascarella/Desktop/Universit/Magistrale/Architettura_S_D/Vivado/scritti_da_me/moltiplicatore_11\vivado.jou
#-----------------------------------------------------------
start_gui
open_project {C:/Users/Vincenzo Pascarella/Desktop/Universit/Magistrale/Architettura_S_D/Vivado/scritti_da_me/moltiplicatore_11/moltiplicatore_11.xpr}
update_compile_order -fileset sources_1
launch_simulation
source TB_robert.tcl
close_sim
launch_simulation
source TB_robert.tcl
close_sim
launch_simulation
source TB_robert.tcl
close_sim
launch_simulation
source TB_robert.tcl
close_sim
