#-----------------------------------------------------------
# Vivado v2020.2 (64-bit)
# SW Build 3064766 on Wed Nov 18 09:12:45 MST 2020
# IP Build 3064653 on Wed Nov 18 14:17:31 MST 2020
# Start of session at: Sat Dec 11 11:00:55 2021
# Process ID: 10060
# Current directory: C:/Users/raimo/Desktop/esercizio_9_r
# Command line: vivado.exe -gui_launcher_event rodinguilauncherevent12580 C:\Users\raimo\Desktop\esercizio_9_r\esercizio_9_r.xpr
# Log file: C:/Users/raimo/Desktop/esercizio_9_r/vivado.log
# Journal file: C:/Users/raimo/Desktop/esercizio_9_r\vivado.jou
#-----------------------------------------------------------
start_gui
open_project C:/Users/raimo/Desktop/esercizio_9_r/esercizio_9_r.xpr
update_compile_order -fileset sources_1
launch_simulation
source TB_ss.tcl
close_sim
launch_simulation
source TB_ss.tcl
close_sim
launch_simulation
source TB_ss.tcl
close_sim
launch_simulation
source TB_ss.tcl
close_sim
launch_simulation
source TB_ss.tcl
close_sim
launch_simulation
source TB_ss.tcl
import_files -norecurse C:/Users/raimo/Desktop/contatore.vhd
update_compile_order -fileset sources_1
update_compile_order -fileset sources_1
close_sim
launch_simulation
