#-----------------------------------------------------------
# Vivado v2020.2 (64-bit)
# SW Build 3064766 on Wed Nov 18 09:12:45 MST 2020
# IP Build 3064653 on Wed Nov 18 14:17:31 MST 2020
# Start of session at: Fri Jan  7 17:16:08 2022
# Process ID: 3628
# Current directory: C:/Users/raimo/Desktop/esercizio_2_timing
# Command line: vivado.exe -gui_launcher_event rodinguilauncherevent6188 C:\Users\raimo\Desktop\esercizio_2_timing\esercizio_2.xpr
# Log file: C:/Users/raimo/Desktop/esercizio_2_timing/vivado.log
# Journal file: C:/Users/raimo/Desktop/esercizio_2_timing\vivado.jou
#-----------------------------------------------------------
start_gui
open_project C:/Users/raimo/Desktop/esercizio_2_timing/esercizio_2.xpr
update_compile_order -fileset sources_1
reset_run synth_1
launch_runs synth_1 -jobs 6
wait_on_run synth_1
launch_runs impl_1 -jobs 6
wait_on_run impl_1
launch_runs impl_1 -to_step write_bitstream -jobs 6
wait_on_run impl_1
reset_run synth_1
launch_runs synth_1 -jobs 6
wait_on_run synth_1
launch_runs impl_1 -jobs 6
wait_on_run impl_1
launch_runs impl_1 -to_step write_bitstream -jobs 6
wait_on_run impl_1
