#-----------------------------------------------------------
# Vivado v2020.2 (64-bit)
# SW Build 3064766 on Wed Nov 18 09:12:45 MST 2020
# IP Build 3064653 on Wed Nov 18 14:17:31 MST 2020
# Start of session at: Fri Dec 31 11:34:41 2021
# Process ID: 19308
# Current directory: C:/Users/Vincenzo Pascarella/Desktop/Universit/Magistrale/Architettura_S_D/Vivado/progetti_tesina/esercizio_3_board
# Command line: vivado.exe -gui_launcher_event rodinguilauncherevent22556 C:\Users\Vincenzo Pascarella\Desktop\Universit\Magistrale\Architettura_S_D\Vivado\progetti_tesina\esercizio_3_board\esercizio_3.xpr
# Log file: C:/Users/Vincenzo Pascarella/Desktop/Universit/Magistrale/Architettura_S_D/Vivado/progetti_tesina/esercizio_3_board/vivado.log
# Journal file: C:/Users/Vincenzo Pascarella/Desktop/Universit/Magistrale/Architettura_S_D/Vivado/progetti_tesina/esercizio_3_board\vivado.jou
#-----------------------------------------------------------
start_gui
open_project {C:/Users/Vincenzo Pascarella/Desktop/Universit/Magistrale/Architettura_S_D/Vivado/progetti_tesina/esercizio_3_board/esercizio_3.xpr}
update_compile_order -fileset sources_1
set_property OPTIONS.report_unconstrained {true} [get_report_config -of_objects [get_runs impl_1] {impl_1_init_report_timing_summary_0}]
set_property IS_ENABLED true [get_report_config -of_object [get_runs impl_1] impl_1_opt_report_timing_summary_0]
set_property OPTIONS.report_unconstrained {true} [get_report_config -of_objects [get_runs impl_1] {impl_1_opt_report_timing_summary_0}]
generate_reports [get_report_config -of_object [get_runs impl_1] impl_1_opt_report_timing_summary_0] 
open_run impl_1
report_timing_summary -delay_type min_max -report_unconstrained -check_timing_verbose -max_paths 10 -input_pins -routable_nets -name timing_1
close_project
open_project {C:/Users/Vincenzo Pascarella/Desktop/Universit/Magistrale/Architettura_S_D/Vivado/progetti_tesina/esercizio_2/esercizio_2.xpr}
update_compile_order -fileset sources_1
set_property IS_ENABLED true [get_report_config -of_object [get_runs impl_1] impl_1_opt_report_timing_summary_0]
set_property OPTIONS.report_unconstrained {true} [get_report_config -of_objects [get_runs impl_1] {impl_1_opt_report_timing_summary_0}]
set_property OPTIONS.report_unconstrained {false} [get_report_config -of_objects [get_runs impl_1] {impl_1_opt_report_timing_summary_0}]
set_property IS_ENABLED false [get_report_config -of_object [get_runs impl_1] impl_1_opt_report_timing_summary_0]
set_property IS_ENABLED true [get_report_config -of_object [get_runs impl_1] impl_1_opt_report_timing_summary_0]
reset_run synth_1
launch_runs synth_1 -jobs 12
wait_on_run synth_1
launch_runs impl_1 -jobs 12
wait_on_run impl_1
launch_runs impl_1 -to_step write_bitstream -jobs 12
wait_on_run impl_1
set_property OPTIONS.report_unconstrained {true} [get_report_config -of_objects [get_runs impl_1] {impl_1_opt_report_timing_summary_0}]
generate_reports [get_report_config -of_object [get_runs impl_1] impl_1_opt_report_timing_summary_0] 
